ï¿½32mI ï¿½ESP-ROM:esp32s3-20210327
Build:Mar 27 2021
rst:0x1 (POWERON),boot:0x8 (SPI_FAST_FLASH_BOOT)
SPIWP:0xee
mode:DIO, clock div:1
load:0x3fce2810,len:0x178c
load:0x403c8700,len:0x4
load:0x403c8704,len:0xcb8
load:0x403cb700,len:0x2db0
entry 0x403c890c
[0;32mI (27) boot: ESP-IDF 5.3.1 2nd stage bootloader[0m
[0;32mI (27) boot: compile time Feb 17 2025 18:37:50[0m
[0;32mI (27) boot: Multicore bootloader[0m
[0;32mI (30) boot: chip revision: v0.2[0m
[0;32mI (34) boot.esp32s3: Boot SPI Speed : 80MHz[0m
[0;32mI (38) boot.esp32s3: SPI Mode       : DIO[0m
[0;32mI (43) boot.esp32s3: SPI Flash Size : 8MB[0m
[0;32mI (48) boot: Enabling RNG early entropy source...[0m
[0;32mI (53) boot: Partition Table:[0m
[0;32mI (57) boot: ## Label            Usage          Type ST Offset   Length[0m
[0;32mI (64) boot:  0 nvs              WiFi data        01 02 00009000 00006000[0m
[0;32mI (72) boot:  1 phy_init         RF data          01 01 0000f000 00001000[0m
[0;32mI (79) boot:  2 factory          factory app      00 00 00010000 00100000[0m
[0;32mI (87) boot: End of partition table[0m
[0;32mI (91) esp_image: segment 0: paddr=00010020 vaddr=3c020020 size=0b7a0h ( 47008) map[0m
[0;32mI (108) esp_image: segment 1: paddr=0001b7c8 vaddr=3fc92200 size=02ae4h ( 10980) load[0m
[0;32mI (110) esp_image: segment 2: paddr=0001e2b4 vaddr=40374000 size=01d64h (  7524) load[0m
[0;32mI (118) esp_image: segment 3: paddr=00020020 vaddr=42000020 size=1aa98h (109208) map[0m
[0;32mI (144) esp_image: segment 4: paddr=0003aac0 vaddr=40375d64 size=0c478h ( 50296) load[0m
[0;32mI (155) esp_image: segment 5: paddr=00046f40 vaddr=600fe100 size=00004h (     4) load[0m
[0;32mI (161) boot: Loaded app from partition at offset 0x10000[0m
[0;32mI (162) boot: Disabling RNG early entropy source...[0m
[0;32mI (176) cpu_start: Multicore app[0m
[0;32mI (185) cpu_start: Pro cpu start user code[0m
[0;32mI (185) cpu_start: cpu freq: 160000000 Hz[0m
[0;32mI (185) app_init: Application information:[0m
[0;32mI (188) app_init: Project name:     MIDIKeyboard[0m
[0;32mI (193) app_init: App version:      d7796db-dirty[0m
[0;32mI (199) app_init: Compile time:     Feb 17 2025 18:37:06[0m
[0;32mI (205) app_init: ELF file SHA256:  f59e40323...[0m
[0;32mI (210) app_init: ESP-IDF:          5.3.1[0m
[0;32mI (215) efuse_init: Min chip rev:     v0.0[0m
[0;32mI (219) efuse_init: Max chip rev:     v0.99 [0m
[0;32mI (224) efuse_init: Chip rev:         v0.2[0m
[0;32mI (229) heap_init: Initializing. RAM available for dynamic allocation:[0m
[0;32mI (237) heap_init: At 3FC955E8 len 00054128 (336 KiB): RAM[0m
[0;32mI (243) heap_init: At 3FCE9710 len 00005724 (21 KiB): RAM[0m
[0;32mI (249) heap_init: At 3FCF0000 len 00008000 (32 KiB): DRAM[0m
[0;32mI (255) heap_init: At 600FE104 len 00001EE4 (7 KiB): RTCRAM[0m
[0;32mI (262) spi_flash: detected chip: generic[0m
[0;32mI (266) spi_flash: flash io: dio[0m
[0;33mW (270) spi_flash: Detected size(16384k) larger than the size in the binary image header(8192k). Using the size in the binary image header.[0m
[0;32mI (283) sleep: Configure to isolate all GPIO pins in sleep state[0m
[0;32mI (290) sleep: Enable automatic switching of GPIO sleep configuration[0m
[0;32mI (297) main_task: Started on CPU0[0m
[0;32mI (317) main_task: Calling app_main()[0m
[0;32mI (317) CALIBRATION: calibration scheme version is Curve Fitting[0m
[0;32mI (317) gpio: GPIO[35]| InputEn: 0| OutputEn: 1| OpenDrain: 0| Pullup: 0| Pulldown: 0| Intr:0 [0m
[0;32mI (327) gpio: GPIO[36]| InputEn: 0| OutputEn: 1| OpenDrain: 0| Pullup: 0| Pulldown: 0| Intr:0 [0m
[0;32mI (337) gpio: GPIO[37]| InputEn: 0| OutputEn: 1| OpenDrain: 0| Pullup: 0| Pulldown: 0| Intr:0 [0m
[0;32mI (347) gpio: GPIO[38]| InputEn: 0| OutputEn: 1| OpenDrain: 0| Pullup: 0| Pulldown: 0| Intr:0 [0m
[0;32mI (357) gpio: GPIO[39]| InputEn: 0| OutputEn: 1| OpenDrain: 0| Pullup: 0| Pulldown: 0| Intr:0 [0m
[0;32mI (367) gpio: GPIO[40]| InputEn: 0| OutputEn: 1| OpenDrain: 0| Pullup: 0| Pulldown: 0| Intr:0 [0m
[0;32mI (377) gpio: GPIO[41]| InputEn: 0| OutputEn: 1| OpenDrain: 0| Pullup: 0| Pulldown: 0| Intr:0 [0m
[0;32mI (387) gpio: GPIO[42]| InputEn: 0| OutputEn: 1| OpenDrain: 0| Pullup: 0| Pulldown: 0| Intr:0 [0m
Guru Meditation Error: Core  / panic'ed (Cache disabled but cached memory region accessed). 
MMU entry fault error occurred while accessing the address 0x3c5f2664 (invalid mmu entry)


Core  0 register dump:
PC      : 0x40375663  PS      : 0x00060334  A0      : 0x82001e4a  A1      : 0x3fc97ff0  
A2      : 0x3fc95d8c  A3      : 0x3c5f2664  A4      : 0xffc00000  A5      : 0x00060323  
A6      : 0x3fc94d1c  A7      : 0x00000000  A8      : 0x42009234  A9      : 0x3fc97fd0  
A10     : 0x3fc95d8c  A11     : 0x00000000  A12     : 0x00000005  A13     : 0x00000006  
A14     : 0x00000004  A15     : 0x00000004  SAR     : 0x0000001c  EXCCAUSE: 0x00000007  
EXCVADDR: 0x00000000  LBEG    : 0x400556d5  LEND    : 0x400556e5  LCOUNT  : 0xfffffffe  


Backtrace: 0x40375660:0x3fc97ff0 0x42001e47:0x3fc98010 0x42001e83:0x3fc98040 0x420014c6:0x3fc98080 0x4200157a:0x3fc980b0 0x4201a20f:0x3fc980d0 0x4037a341:0x3fc98100


Core  1 register dump:
PC      : 0x4037828e  PS      : 0x00060734  A0      : 0x82006875  A1      : 0x3fc98f60  
A2      : 0x00000000  A3      : 0x00000000  A4      : 0x3fc96fb0  A5      : 0x3fc96f90  
A6      : 0x4037579c  A7      : 0x00000001  A8      : 0x8200703a  A9      : 0x3fc98f20  
A10     : 0x00000000  A11     : 0x00000000  A12     : 0x3fc96f90  A13     : 0x3fc96f70  
A14     : 0x00000001  A15     : 0x3fc9912c  SAR     : 0x00000000  EXCCAUSE: 0x00000007  
EXCVADDR: 0x00000000  LBEG    : 0x00000000  LEND    : 0x00000000  LCOUNT  : 0x00000000  


Backtrace: 0x4037828b:0x3fc98f60 0x42006872:0x3fc98f80 0x4037b2d9:0x3fc98fa0 0x4037a341:0x3fc98fc0




ELF file SHA256: f59e40323

Rebooting...
ESP-ROM:esp32s3-20210327
Build:Mar 27 2021
rst:0xc (RTC_SW_CPU_RST),boot:0x8 (SPI_FAST_FLASH_BOOT)
Saved PC:0x403762ec
SPIWP:0xee
mode:DIO, clock div:1
load:0x3fce2810,len:0x178c
load:0x403c8700,len:0x4
load:0x403c8704,len:0xcb8
load:0x403cb700,len:0x2db0
entry 0x403c890c
[0;32mI (31) boot: ESP-IDF 5.3.1 2nd stage bootloader[0m
[0;32mI (31) boot: compile time Feb 17 2025 18:37:50[0m
[0;32mI (31) boot: Multicore bootloader[0m
[0;32mI (34) boot: chip revision: v0.2[0m
[0;32mI (38) boot.esp32s3: Boot SPI Speed : 80MHz[0m
[0;32mI (43) boot.esp32s3: SPI Mode       : DIO[0m
[0;32mI (48) boot.esp32s3: SPI Flash Size : 8MB[0m
[0;32mI (52) boot: Enabling RNG early entropy source...[0m
[0;32mI (58) boot: Partition Table:[0m
[0;32mI (61) boot: ## Label            Usage          Type ST Offset   Length[0m
[0;32mI (69) boot:  0 nvs              WiFi data        01 02 00009000 00006000[0m
[0;32mI (76) boot:  1 phy_init         RF data          01 01 0000f000 00001000[0m
[0;32mI (83) boot:  2 factory          factory app      00 00 00010000 00100000[0m
[0;32mI (91) boot: End of partition table[0m
[0;32mI (95) esp_image: segment 0: paddr=00010020 vaddr=3c020020 size=0b7a0h ( 47008) map[0m
[0;32mI (112) esp_image: segment 1: paddr=0001b7c8 vaddr=3fc92200 size=02ae4h ( 10980) load[0m
[0;32mI (115) esp_image: segment 2: paddr=0001e2b4 vaddr=40374000 size=01d64h (  7524) load[0m
[0;32mI (122) esp_image: segment 3: paddr=00020020 vaddr=42000020 size=1aa98h (109208) map[0m
[0;32mI (149) esp_image: segment 4: paddr=0003aac0 vaddr=40375d64 size=0c478h ( 50296) load[0m
[0;32mI (160) esp_image: segment 5: paddr=00046f40 vaddr=600fe100 size=00004h (     4) load[0m
[0;32mI (166) boot: Loaded app from partition at offset 0x10000[0m
[0;32mI (166) boot: Disabling RNG early entropy source...[0m
[0;32mI (180) cpu_start: Multicore app[0m
[0;32mI (189) cpu_start: Pro cpu start user code[0m
[0;32mI (190) cpu_start: cpu freq: 160000000 Hz[0m
[0;32mI (190) app_init: Application information:[0m
[0;32mI (192) app_init: Project name:     MIDIKeyboard[0m
[0;32mI (198) app_init: App version:      d7796db-dirty[0m
[0;32mI (203) app_init: Compile time:     Feb 17 2025 18:37:06[0m
[0;32mI (209) app_init: ELF file SHA256:  f59e40323...[0m
[0;32mI (214) app_init: ESP-IDF:          5.3.1[0m
[0;32mI (219) efuse_init: Min chip rev:     v0.0[0m
[0;32mI (224) efuse_init: Max chip rev:     v0.99 [0m
[0;32mI (229) efuse_init: Chip rev:         v0.2[0m
[0;32mI (234) heap_init: Initializing. RAM available for dynamic allocation:[0m
[0;32mI (241) heap_init: At 3FC955E8 len 00054128 (336 KiB): RAM[0m
[0;32mI (247) heap_init: At 3FCE9710 len 00005724 (21 KiB): RAM[0m
[0;32mI (253) heap_init: At 3FCF0000 len 00008000 (32 KiB): DRAM[0m
[0;32mI (259) heap_init: At 600FE104 len 00001EE4 (7 KiB): RTCRAM[0m
[0;32mI (267) spi_flash: detected chip: generic[0m
[0;32mI (270) spi_flash: flash io: dio[0m
[0;33mW (274) spi_flash: Detected size(16384k) larger than the size in the binary image header(8192k). Using the size in the binary image header.[0m
[0;32mI (288) sleep: Configure to isolate all GPIO pins in sleep state[0m
[0;32mI (294) sleep: Enable automatic switching of GPIO sleep configuration[0m
[0;32mI (302) main_task: Started on CPU0[0m
[0;32mI (322) main_task: Calling app_main()[0m
[0;32mI (322) CALIBRATION: calibration scheme version is Curve Fitting[0m
[0;32mI (322) gpio: GPIO[35]| InputEn: 0| OutputEn: 1| OpenDrain: 0| Pullup: 0| Pulldown: 0| Intr:0 [0m
[0;32mI (332) gpio: GPIO[36]| InputEn: 0| OutputEn: 1| OpenDrain: 0| Pullup: 0| Pulldown: 0| Intr:0 [0m
[0;32mI (342) gpio: GPIO[37]| InputEn: 0| OutputEn: 1| OpenDrain: 0| Pullup: 0| Pulldown: 0| Intr:0 [0m
[0;32mI (352) gpio: GPIO[38]| InputEn: 0| OutputEn: 1| OpenDrain: 0| Pullup: 0| Pulldown: 0| Intr:0 [0m
[0;32mI (362) gpio: GPIO[39]| InputEn: 0| OutputEn: 1| OpenDrain: 0| Pullup: 0| Pulldown: 0| Intr:0 [0m
[0;32mI (372) gpio: GPIO[40]| InputEn: 0| OutputEn: 1| OpenDrain: 0| Pullup: 0| Pulldown: 0| Intr:0 [0m
[0;32mI (382) gpio: GPIO[41]| InputEn: 0| OutputEn: 1| OpenDrain: 0| Pullup: 0| Pulldown: 0| Intr:0 [0m
[0;32mI (392) gpio: GPIO[42]| InputEn: 0| OutputEn: 1| OpenDrain: 0| Pullup: 0| Pulldown: 0| Intr:0 [0m
Guru Meditation Error: Core  / panic'ed (Cache disabled but cached memory region accessed). 
MMU entry fault error occurred while accessing the address 0x3c5f2664 (invalid mmu entry)


Core  0 register dump:
PC      : 0x40375663  PS      : 0x00060334  A0      : 0x82001e4a  A1      : 0x3fc97ff0  
A2      : 0x3fc95d8c  A3      : 0x3c5f2664  A4      : 0xffc00000  A5      : 0x00060323  
A6      : 0x3fc94d1c  A7      : 0x00000000  A8      : 0x42009234  A9      : 0x3fc97fd0  
A10     : 0x3fc95d8c  A11     : 0x00000000  A12     : 0x00000005  A13     : 0x00000006  
A14     : 0x00000004  A15     : 0x00000004  SAR     : 0x0000001c  EXCCAUSE: 0x00000007  
EXCVADDR: 0x00000000  LBEG    : 0x400556d5  LEND    : 0x400556e5  LCOUNT  : 0xfffffffe  


Backtrace: 0x40375660:0x3fc97ff0 0x42001e47:0x3fc98010 0x42001e83:0x3fc98040 0x420014c6:0x3fc98080 0x4200157a:0x3fc980b0 0x4201a20f:0x3fc980d0 0x4037a341:0x3fc98100


Core  1 register dump:
PC      : 0x4037828e  PS      : 0x00060734  A0      : 0x82006875  A1      : 0x3fc98f60  
A2      : 0x00000000  A3      : 0x00000000  A4      : 0x3fc96fb0  A5      : 0x3fc96f90  
A6      : 0x4037579c  A7      : 0x00000001  A8      : 0x8200703a  A9      : 0x3fc98f20  
A10     : 0x00000000  A11     : 0x00000000  A12     : 0x3fc96f90  A13     : 0x3fc96f70  
A14     : 0x00000001  A15     : 0x3fc9912c  SAR     : 0x00000000  EXCCAUSE: 0x00000007  
EXCVADDR: 0x00000000  LBEG    : 0x00000000  LEND    : 0x00000000  LCOUNT  : 0x00000000  


Backtrace: 0x4037828b:0x3fc98f60 0x42006872:0x3fc98f80 0x4037b2d9:0x3fc98fa0 0x4037a341:0x3fc98fc0




ELF file SHA256: f59e40323

Rebooting...
ESP-ROM:esp32s3-20210327
Build:Mar 27 2021
rst:0xc (RTC_SW_CPU_RST),boot:0x8 (SPI_FAST_FLASH_BOOT)
Saved PC:0x403762ec
SPIWP:0xee
mode:DIO, clock div:1
load:0x3fce2810,len:0x178c
load:0x403c8700,len:0x4
load:0x403c8704,len:0xcb8
load:0x403cb700,len:0x2db0
entry 0x403c890c
[0;32mI (31) boot: ESP-IDF 5.3.1 2nd stage bootloader[0m
[0;32mI (31) boot: compile time Feb 17 2025 18:37:50[0m
[0;32mI (31) boot: Multicore bootloader[0m
[0;32mI (34) boot: chip revision: v0.2[0m
[0;32mI (38) boot.esp32s3: Boot SPI Speed : 80MHz[0m
[0;32mI (43) boot.esp32s3: SPI Mode       : DIO[0m
[0;32mI (48) boot.esp32s3: SPI Flash Size : 8MB[0m
[0;32mI (52) boot: Enabling RNG early entropy source...[0m
[0;32mI (58) boot: Partition Table:[0m
[0;32mI (61) boot: ## Label            Usage          Type ST Offset   Length[0m
[0;32mI (69) boot:  0 nvs              WiFi data        01 02 00009000 00006000[0m
[0;32mI (76) boot:  1 phy_init         RF data          01 01 0000f000 00001000[0m
[0;32mI (83) boot:  2 factory          factory app      00 00 00010000 00100000[0m
[0;32mI (91) boot: End of partition table[0m
[0;32mI (95) esp_image: segment 0: paddr=00010020 vaddr=3c020020 size=0b7a0h ( 47008) map[0m
[0;32mI (112) esp_image: segment 1: paddr=0001b7c8 vaddr=3fc92200 size=02ae4h ( 10980) load[0m
[0;32mI (115) esp_image: segment 2: paddr=0001e2b4 vaddr=40374000 size=01d64h (  7524) load[0m
[0;32mI (122) esp_image: segment 3: paddr=00020020 vaddr=42000020 size=1aa98h (109208) map[0m
[0;32mI (149) esp_image: segment 4: paddr=0003aac0 vaddr=40375d64 size=0c478h ( 50296) load[0m
[0;32mI (160) esp_image: segment 5: paddr=00046f40 vaddr=600fe100 size=00004h (     4) load[0m
[0;32mI (166) boot: Loaded app from partition at offset 0x10000[0m
[0;32mI (166) boot: Disabling RNG early entropy source...[0m
[0;32mI (180) cpu_start: Multicore app[0m
[0;32mI (189) cpu_start: Pro cpu start user code[0m
[0;32mI (190) cpu_start: cpu freq: 160000000 Hz[0m
[0;32mI (190) app_init: Application information:[0m
[0;32mI (192) app_init: Project name:     MIDIKeyboard[0m
[0;32mI (198) app_init: App version:      d7796db-dirty[0m
[0;32mI (203) app_init: Compile time:     Feb 17 2025 18:37:06[0m
[0;32mI (209) app_init: ELF file SHA256:  f59e40323...[0m
[0;32mI (214) app_init: ESP-IDF:          5.3.1[0m
[0;32mI (219) efuse_init: Min chip rev:     v0.0[0m
[0;32mI (224) efuse_init: Max chip rev:     v0.99 [0m
[0;32mI (229) efuse_init: Chip rev:         v0.2[0m
[0;32mI (234) heap_init: Initializing. RAM available for dynamic allocation:[0m
[0;32mI (241) heap_init: At 3FC955E8 len 00054128 (336 KiB): RAM[0m
[0;32mI (247) heap_init: At 3FCE9710 len 00005724 (21 KiB): RAM[0m
[0;32mI (253) heap_init: At 3FCF0000 len 00008000 (32 KiB): DRAM[0m
[0;32mI (259) heap_init: At 600FE104 len 00001EE4 (7 KiB): RTCRAM[0m
[0;32mI (267) spi_flash: detected chip: generic[0m
[0;32mI (270) spi_flash: flash io: dio[0m
[0;33mW (274) spi_flash: Detected size(16384k) larger than the size in the binary image header(8192k). Using the size in the binary image header.[0m
[0;32mI (288) sleep: Configure to isolate all GPIO pins in sleep state[0m
[0;32mI (294) sleep: Enable automatic switching of GPIO sleep configuration[0m
[0;32mI (302) main_task: Started on CPU0[0m
[0;32mI (322) main_task: Calling app_main()[0m
[0;32mI (322) CALIBRATION: calibration scheme version is Curve Fitting[0m
[0;32mI (322) gpio: GPIO[35]| InputEn: 0| OutputEn: 1| OpenDrain: 0| Pullup: 0| Pulldown: 0| Intr:0 [0m
[0;32mI (332) gpio: GPIO[36]| InputEn: 0| OutputEn: 1| OpenDrain: 0| Pullup: 0| Pulldown: 0| Intr:0 [0m
[0;32mI (342) gpio: GPIO[37]| InputEn: 0| OutputEn: 1| OpenDrain: 0| Pullup: 0| Pulldown: 0| Intr:0 [0m
[0;32mI (352) gpio: GPIO[38]| InputEn: 0| OutputEn: 1| OpenDrain: 0| Pullup: 0| Pulldown: 0| Intr:0 [0m
[0;32mI (362) gpio: GPIO[39]| InputEn: 0| OutputEn: 1| OpenDrain: 0| Pullup: 0| Pulldown: 0| Intr:0 [0m
[0;32mI (372) gpio: GPIO[40]| InputEn: 0| OutputEn: 1| OpenDrain: 0| Pullup: 0| Pulldown: 0| Intr:0 [0m
[0;32mI (382) gpio: GPIO[41]| InputEn: 0| OutputEn: 1| OpenDrain: 0| Pullup: 0| Pulldown: 0| Intr:0 [0m
[0;32mI (392) gpio: GPIO[42]| InputEn: 0| OutputEn: 1| OpenDrain: 0| Pullup: 0| Pulldown: 0| Intr:0 [0m
Guru Meditation Error: Core  / panic'ed (Cache disabled but cached memory region accessed). 
MMU entry fault error occurred while accessing the address 0x3c5f2664 (invalid mmu entry)


Core  0 register dump:
PC      : 0x40375663  PS      : 0x00060334  A0      : 0x82001e4a  A1      : 0x3fc97ff0  
A2      : 0x3fc95d8c  A3      : 0x3c5f2664  A4      : 0xffc00000  A5      : 0x00060323  
A6      : 0x3fc94d1c  A7      : 0x00000000  A8      : 0x42009234  A9      : 0x3fc97fd0  
A10     : 0x3fc95d8c  A11     : 0x00000000  A12     : 0x00000005  A13     : 0x00000006  
A14     : 0x00000004  A15     : 0x00000004  SAR     : 0x0000001c  EXCCAUSE: 0x00000007  
EXCVADDR: 0x00000000  LBEG    : 0x400556d5  LEND    : 0x400556e5  LCOUNT  : 0xfffffffe  


Backtrace: 0x40375660:0x3fc97ff0 0x42001e47:0x3fc98010 0x42001e83:0x3fc98040 0x420014c6:0x3fc98080 0x4200157a:0x3fc980b0 0x4201a20f:0x3fc980d0 0x4037a341:0x3fc98100


Core  1 register dump:
PC      : 0x4037828e  PS      : 0x00060734  A0      : 0x82006875  A1      : 0x3fc98f60  
A2      : 0x00000000  A3      : 0x00000000  A4      : 0x3fc96fb0  A5      : 0x3fc96f90  
A6      : 0x4037579c  A7      : 0x00000001  A8      : 0x8200703a  A9      : 0x3fc98f20  
A10     : 0x00000000  A11     : 0x00000000  A12     : 0x3fc96f90  A13     : 0x3fc96f70  
A14     : 0x00000001  A15     : 0x3fc9912c  SAR     : 0x00000000  EXCCAUSE: 0x00000007  
EXCVADDR: 0x00000000  LBEG    : 0x00000000  LEND    : 0x00000000  LCOUNT  : 0x00000000  


Backtrace: 0x4037828b:0x3fc98f60 0x42006872:0x3fc98f80 0x4037b2d9:0x3fc98fa0 0x4037a341:0x3fc98fc0




ELF file SHA256: f59e40323

Rebooting...
ESP-ROM:esp32s3-20210327
Build:Mar 27 2021
rst:0xc (RTC_SW_CPU_RST),boot:0x8 (SPI_FAST_FLASH_BOOT)
Saved PC:0x403762ec
SPIWP:0xee
mode:DIO, clock div:1
load:0x3fce2810,len:0x178c
load:0x403c8700,len:0x4
load:0x403c8704,len:0xcb8
load:0x403cb700,len:0x2db0
entry 0x403c890c
[0;32mI (31) boot: ESP-IDF 5.3.1 2nd stage bootloader[0m
[0;32mI (31) boot: compile time Feb 17 2025 18:37:50[0m
[0;32mI (31) boot: Multicore bootloader[0m
[0;32mI (34) boot: chip revision: v0.2[0m
[0;32mI (38) boot.esp32s3: Boot SPI Speed : 80MHz[0m
[0;32mI (43) boot.esp32s3: SPI Mode       : DIO[0m
[0;32mI (48) boot.esp32s3: SPI Flash Size : 8MB[0m
[0;32mI (52) boot: Enabling RNG early entropy source...[0m
[0;32mI (58) boot: Partition Table:[0m
[0;32mI (61) boot: ## Label            Usage          Type ST Offset   Length[0m
[0;32mI (69) boot:  0 nvs              WiFi data        01 02 00009000 00006000[0m
[0;32mI (76) boot:  1 phy_init         RF data          01 01 0000f000 00001000[0m
[0;32mI (83) boot:  2 factory          factory app      00 00 00010000 00100000[0m
[0;32mI (91) boot: End of partition table[0m
[0;32mI (95) esp_image: segment 0: paddr=00010020 vaddr=3c020020 size=0b7a0h ( 47008) map[0m
[0;32mI (112) esp_image: segment 1: paddr=0001b7c8 vaddr=3fc92200 size=02ae4h ( 10980) load[0m
[0;32mI (115) esp_image: segment 2: paddr=0001e2b4 vaddr=40374000 size=01d64h (  7524) load[0m
[0;32mI (122) esp_image: segment 3: paddr=00020020 vaddr=42000020 size=1aa98h (109208) map[0m
[0;32mI (149) esp_image: segment 4: paddr=0003aac0 vaddr=40375d64 size=0c478h ( 50296) load[0m
[0;32mI (160) esp_image: segment 5: paddr=00046f40 vaddr=600fe100 size=00004h (     4) load[0m
[0;32mI (166) boot: Loaded app from partition at offset 0x10000[0m
[0;32mI (166) boot: Disabling RNG early entropy source...[0m
[0;32mI (180) cpu_start: Multicore app[0m
[0;32mI (189) cpu_start: Pro cpu start user code[0m
[0;32mI (190) cpu_start: cpu freq: 160000000 Hz[0m
[0;32mI (190) app_init: Application information:[0m
[0;32mI (192) app_init: Project name:     MIDIKeyboard[0m
[0;32mI (198) app_init: App version:      d7796db-dirty[0m
[0;32mI (203) app_init: Compile time:     Feb 17 2025 18:37:06[0m
[0;32mI (209) app_init: ELF file SHA256:  f59e40323...[0m
[0;32mI (214) app_init: ESP-IDF:          5.3.1[0m
[0;32mI (219) efuse_init: Min chip rev:     v0.0[0m
[0;32mI (224) efuse_init: Max chip rev:     v0.99 [0m
[0;32mI (229) efuse_init: Chip rev:         v0.2[0m
[0;32mI (234) heap_init: Initializing. RAM available for dynamic allocation:[0m
[0;32mI (241) heap_init: At 3FC955E8 len 00054128 (336 KiB): RAM[0m
[0;32mI (247) heap_init: At 3FCE9710 len 00005724 (21 KiB): RAM[0m
[0;32mI (253) heap_init: At 3FCF0000 len 00008000 (32 KiB): DRAM[0m
[0;32mI (259) heap_init: At 600FE104 len 00001EE4 (7 KiB): RTCRAM[0m
[0;32mI (267) spi_flash: detected chip: generic[0m
[0;32mI (270) spi_flash: flash io: dio[0m
[0;33mW (274) spi_flash: Detected size(16384k) larger than the size in the binary image header(8192k). Using the size in the binary image header.[0m
[0;32mI (288) sleep: Configure to isolate all GPIO pins in sleep state[0m
[0;32mI (294) sleep: Enable automatic switching of GPIO sleep configuration[0m
[0;32mI (302) main_task: Started on CPU0[0m
[0;32mI (322) main_task: Calling app_main()[0m
[0;32mI (322) CALIBRATION: calibration scheme version is Curve Fitting[0m
[0;32mI (322) gpio: GPIO[35]| InputEn: 0| OutputEn: 1| OpenDrain: 0| Pullup: 0| Pulldown: 0| Intr:0 [0m
[0;32mI (332) gpio: GPIO[36]| InputEn: 0| OutputEn: 1| OpenDrain: 0| Pullup: 0| Pulldown: 0| Intr:0 [0m
[0;32mI (342) gpio: GPIO[37]| InputEn: 0| OutputEn: 1| OpenDrain: 0| Pullup: 0| Pulldown: 0| Intr:0 [0m
[0;32mI (352) gpio: GPIO[38]| InputEn: 0| OutputEn: 1| OpenDrain: 0| Pullup: 0| Pulldown: 0| Intr:0 [0m
[0;32mI (362) gpio: GPIO[39]| InputEn: 0| OutputEn: 1| OpenDrain: 0| Pullup: 0| Pulldown: 0| Intr:0 [0m
[0;32mI (372) gpio: GPIO[40]| InputEn: 0| OutputEn: 1| OpenDrain: 0| Pullup: 0| Pulldown: 0| Intr:0 [0m
[0;32mI (382) gpio: GPIO[41]| InputEn: 0| OutputEn: 1| OpenDrain: 0| Pullup: 0| Pulldown: 0| Intr:0 [0m
[0;32mI (392) gpio: GPIO[42]| InputEn: 0| OutputEn: 1| OpenDrain: 0| Pullup: 0| Pulldown: 0| Intr:0 [0m
